0
0
0
511344
548288
322368
104572
0
964300
0
0
386592
0
0
0
0
0
0
0
159456
0
0
892800
0
0
0
1328384
1130976
0
0
0
0
0
0
0
0
0
0
183084
0
1457940
471296
661664
40978
652912
0
0
83600
249896
342616
803736
0
0
751760
0
0
0
0
563674
0
72864
0
0
0
884120
0
733048
0
0
0
0
0
0
1382186
0
0
0
0
0
0
0
0
0
0
1017860
0
415720
0
153772
0
0
0
477312
0
0
0
0
0
0
606392
